// Jest Snapshot v1, https://goo.gl/fbAQLP

exports[`Tasks snapshot: Tasks 1`] = `
<DocumentFragment>
  <section
    class="column"
    id="tasks-wrapper"
  >
    <div
      class="column"
      id="tasks"
    >
      <nav
        class="flex nav "
        data-testid="nav"
      >
        <div
          class="column"
          id="nav-methods"
        >
          <div
            class="flex"
          >
            <ul
              class="flex"
            >
              <li>
                <span
                  class="nav-item center"
                >
                  <button
                    class="icon "
                    title="Search"
                  >
                    <svg
                      aria-hidden="true"
                      class="MuiSvgIcon-root MuiSvgIcon-fontSizeMedium css-i4bv87-MuiSvgIcon-root"
                      data-testid="SearchIcon"
                      focusable="false"
                      viewBox="0 0 24 24"
                    >
                      <path
                        d="M15.5 14h-.79l-.28-.27C15.41 12.59 16 11.11 16 9.5 16 5.91 13.09 3 9.5 3S3 5.91 3 9.5 5.91 16 9.5 16c1.61 0 3.09-.59 4.23-1.57l.27.28v.79l5 4.99L20.49 19l-4.99-5zm-6 0C7.01 14 5 11.99 5 9.5S7.01 5 9.5 5 14 7.01 14 9.5 11.99 14 9.5 14z"
                      />
                    </svg>
                  </button>
                </span>
              </li>
              <li>
                <span
                  class="nav-item center"
                >
                  <button
                    class="icon "
                    title="Filters"
                  >
                    <svg
                      aria-hidden="true"
                      class="MuiSvgIcon-root MuiSvgIcon-fontSizeMedium css-i4bv87-MuiSvgIcon-root"
                      data-testid="FilterListIcon"
                      focusable="false"
                      viewBox="0 0 24 24"
                    >
                      <path
                        d="M10 18h4v-2h-4v2zM3 6v2h18V6H3zm3 7h12v-2H6v2z"
                      />
                    </svg>
                  </button>
                </span>
              </li>
              <li>
                <span
                  class="nav-item center"
                >
                  <button
                    class="icon "
                    title="Sort"
                  >
                    <svg
                      aria-hidden="true"
                      class="MuiSvgIcon-root MuiSvgIcon-fontSizeMedium css-i4bv87-MuiSvgIcon-root"
                      data-testid="SwapVertIcon"
                      focusable="false"
                      viewBox="0 0 24 24"
                    >
                      <path
                        d="M16 17.01V10h-2v7.01h-3L15 21l4-3.99h-3zM9 3 5 6.99h3V14h2V6.99h3L9 3z"
                      />
                    </svg>
                  </button>
                </span>
              </li>
            </ul>
            <button
              aria-label="Add New Task"
              class="icon add-task-btn"
              data-testid="add-task-btn"
              title="Add Task"
            >
              <svg
                aria-hidden="true"
                class="MuiSvgIcon-root MuiSvgIcon-fontSizeMedium css-i4bv87-MuiSvgIcon-root"
                data-testid="AddIcon"
                focusable="false"
                viewBox="0 0 24 24"
              >
                <path
                  d="M19 13h-6v6h-2v-6H5v-2h6V5h2v6h6v2z"
                />
              </svg>
            </button>
          </div>
          <ul
            class="flex active-filters-ul"
          >
            <li>
              <button
                aria-label="All Tasks"
                class="center activate-filter-btn active-filter"
                title="All tasks"
              >
                All
              </button>
            </li>
            <li>
              <button
                aria-label="Current Tasks"
                class="center activate-filter-btn inactive-filter"
                title="Current tasks"
              >
                Current
              </button>
            </li>
            <li>
              <button
                aria-label="Overdue Tasks"
                class="center activate-filter-btn inactive-filter"
                title="Overdue tasks"
              >
                Overdue
              </button>
            </li>
            <li>
              <button
                aria-label="Upcoming Tasks"
                class="center activate-filter-btn inactive-filter"
                title="Upcoming tasks"
              >
                Upcoming
              </button>
            </li>
            <li>
              <button
                aria-label="Completed Tasks"
                class="center activate-filter-btn inactive-filter"
                title="Completed tasks"
              >
                Completed
              </button>
            </li>
          </ul>
        </div>
      </nav>
      <ol
        aria-label="Task List"
        class="column"
        id="tasks-list"
      >
        <li
          class="task-li"
          data-testid="task-li"
        >
          <div
            class="task-wrapper flex"
          >
            <button
              aria-label="Mark as Completed"
              class="center color blue checkbox-initial"
              title="Mark as Completed"
            >
              <span
                class="center"
              >
                <svg
                  aria-hidden="true"
                  class="MuiSvgIcon-root MuiSvgIcon-fontSizeSmall unfilled css-ptiqhd-MuiSvgIcon-root"
                  data-testid="RadioButtonUncheckedIcon"
                  focusable="false"
                  viewBox="0 0 24 24"
                >
                  <path
                    d="M12 2C6.48 2 2 6.48 2 12s4.48 10 10 10 10-4.48 10-10S17.52 2 12 2zm0 18c-4.42 0-8-3.58-8-8s3.58-8 8-8 8 3.58 8 8-3.58 8-8 8z"
                  />
                </svg>
                <svg
                  aria-hidden="true"
                  class="MuiSvgIcon-root MuiSvgIcon-fontSizeMedium checkbox-icon unchecked css-15yr02a-MuiSvgIcon-root"
                  data-testid="CheckCircleIcon"
                  focusable="false"
                  viewBox="0 0 24 24"
                >
                  <path
                    d="M12 2C6.48 2 2 6.48 2 12s4.48 10 10 10 10-4.48 10-10S17.52 2 12 2zm-2 15-5-5 1.41-1.41L10 14.17l7.59-7.59L19 8l-9 9z"
                  />
                </svg>
              </span>
            </button>
            <div
              class="column task-middle"
              data-testid="task-clickable"
            >
              <h3
                class="flex"
                title="Task 1"
              >
                Task 1
              </h3>
              <div
                class="details-container column"
              >
                <span
                  class="flex detail"
                  title="Category: Tasks"
                >
                  <span
                    class="flex"
                  >
                    Category:
                  </span>
                  <span
                    class="flex"
                  >
                    Tasks
                  </span>
                </span>
                <span
                  class="flex detail"
                  title="Start: Mar 22, 2024, 12:00 AM"
                >
                  <span
                    class="flex"
                  >
                    Start:
                  </span>
                  <span
                    class="flex"
                  >
                    Mar 22, 2024, 12:00 AM
                  </span>
                </span>
                <span
                  class="flex detail"
                  title="Finish: Mar 24, 2024, 12:00 AM"
                >
                  <span
                    class="flex"
                  >
                    Finish:
                  </span>
                  <span
                    class="flex"
                  >
                    Mar 24, 2024, 12:00 AM
                  </span>
                </span>
              </div>
            </div>
            <div
              class="column task-controls"
            >
              <button
                aria-label="Show Options"
                class="icon expand "
                title="Show Options"
              >
                <svg
                  aria-hidden="true"
                  class="MuiSvgIcon-root MuiSvgIcon-fontSizeMedium css-i4bv87-MuiSvgIcon-root"
                  data-testid="ExpandMoreIcon"
                  focusable="false"
                  viewBox="0 0 24 24"
                >
                  <path
                    d="M16.59 8.59 12 13.17 7.41 8.59 6 10l6 6 6-6z"
                  />
                </svg>
              </button>
            </div>
          </div>
        </li>
        <li
          class="task-li"
          data-testid="task-li"
        >
          <div
            class="task-wrapper flex"
          >
            <button
              aria-label="Mark as Completed"
              class="center color red checkbox-initial"
              title="Mark as Completed"
            >
              <span
                class="center"
              >
                <svg
                  aria-hidden="true"
                  class="MuiSvgIcon-root MuiSvgIcon-fontSizeSmall unfilled css-ptiqhd-MuiSvgIcon-root"
                  data-testid="RadioButtonUncheckedIcon"
                  focusable="false"
                  viewBox="0 0 24 24"
                >
                  <path
                    d="M12 2C6.48 2 2 6.48 2 12s4.48 10 10 10 10-4.48 10-10S17.52 2 12 2zm0 18c-4.42 0-8-3.58-8-8s3.58-8 8-8 8 3.58 8 8-3.58 8-8 8z"
                  />
                </svg>
                <svg
                  aria-hidden="true"
                  class="MuiSvgIcon-root MuiSvgIcon-fontSizeMedium checkbox-icon unchecked css-15yr02a-MuiSvgIcon-root"
                  data-testid="CheckCircleIcon"
                  focusable="false"
                  viewBox="0 0 24 24"
                >
                  <path
                    d="M12 2C6.48 2 2 6.48 2 12s4.48 10 10 10 10-4.48 10-10S17.52 2 12 2zm-2 15-5-5 1.41-1.41L10 14.17l7.59-7.59L19 8l-9 9z"
                  />
                </svg>
              </span>
            </button>
            <div
              class="column task-middle"
              data-testid="task-clickable"
            >
              <h3
                class="flex"
                title="Task 2"
              >
                Task 2
              </h3>
              <div
                class="details-container column"
              >
                <span
                  class="flex detail"
                  title="Category: Tasks"
                >
                  <span
                    class="flex"
                  >
                    Category:
                  </span>
                  <span
                    class="flex"
                  >
                    Tasks
                  </span>
                </span>
                <span
                  class="flex detail"
                  title="Start: Mar 21, 2024, 12:00 AM"
                >
                  <span
                    class="flex"
                  >
                    Start:
                  </span>
                  <span
                    class="flex"
                  >
                    Mar 21, 2024, 12:00 AM
                  </span>
                </span>
                <span
                  class="flex detail"
                  title="Finish: Mar 22, 2024, 12:00 AM"
                >
                  <span
                    class="flex"
                  >
                    Finish:
                  </span>
                  <span
                    class="flex"
                  >
                    Mar 22, 2024, 12:00 AM
                  </span>
                </span>
              </div>
            </div>
            <div
              class="column task-controls"
            >
              <button
                aria-label="Show Options"
                class="icon expand "
                title="Show Options"
              >
                <svg
                  aria-hidden="true"
                  class="MuiSvgIcon-root MuiSvgIcon-fontSizeMedium css-i4bv87-MuiSvgIcon-root"
                  data-testid="ExpandMoreIcon"
                  focusable="false"
                  viewBox="0 0 24 24"
                >
                  <path
                    d="M16.59 8.59 12 13.17 7.41 8.59 6 10l6 6 6-6z"
                  />
                </svg>
              </button>
            </div>
          </div>
        </li>
        <li
          class="task-li"
          data-testid="task-li"
        >
          <div
            class="task-wrapper flex"
          >
            <button
              aria-label="Mark as Completed"
              class="center color yellow checkbox-initial"
              title="Mark as Completed"
            >
              <span
                class="center"
              >
                <svg
                  aria-hidden="true"
                  class="MuiSvgIcon-root MuiSvgIcon-fontSizeSmall unfilled css-ptiqhd-MuiSvgIcon-root"
                  data-testid="RadioButtonUncheckedIcon"
                  focusable="false"
                  viewBox="0 0 24 24"
                >
                  <path
                    d="M12 2C6.48 2 2 6.48 2 12s4.48 10 10 10 10-4.48 10-10S17.52 2 12 2zm0 18c-4.42 0-8-3.58-8-8s3.58-8 8-8 8 3.58 8 8-3.58 8-8 8z"
                  />
                </svg>
                <svg
                  aria-hidden="true"
                  class="MuiSvgIcon-root MuiSvgIcon-fontSizeMedium checkbox-icon unchecked css-15yr02a-MuiSvgIcon-root"
                  data-testid="CheckCircleIcon"
                  focusable="false"
                  viewBox="0 0 24 24"
                >
                  <path
                    d="M12 2C6.48 2 2 6.48 2 12s4.48 10 10 10 10-4.48 10-10S17.52 2 12 2zm-2 15-5-5 1.41-1.41L10 14.17l7.59-7.59L19 8l-9 9z"
                  />
                </svg>
              </span>
            </button>
            <div
              class="column task-middle"
              data-testid="task-clickable"
            >
              <h3
                class="flex"
                title="Task 3"
              >
                Task 3
              </h3>
              <div
                class="details-container column"
              >
                <span
                  class="flex detail"
                  title="Category: Tasks"
                >
                  <span
                    class="flex"
                  >
                    Category:
                  </span>
                  <span
                    class="flex"
                  >
                    Tasks
                  </span>
                </span>
                <span
                  class="flex detail"
                  title="Start: Mar 25, 2024, 12:00 AM"
                >
                  <span
                    class="flex"
                  >
                    Start:
                  </span>
                  <span
                    class="flex"
                  >
                    Mar 25, 2024, 12:00 AM
                  </span>
                </span>
                <span
                  class="flex detail"
                  title="Finish: Mar 26, 2024, 12:00 AM"
                >
                  <span
                    class="flex"
                  >
                    Finish:
                  </span>
                  <span
                    class="flex"
                  >
                    Mar 26, 2024, 12:00 AM
                  </span>
                </span>
              </div>
            </div>
            <div
              class="column task-controls"
            >
              <button
                aria-label="Show Options"
                class="icon expand "
                title="Show Options"
              >
                <svg
                  aria-hidden="true"
                  class="MuiSvgIcon-root MuiSvgIcon-fontSizeMedium css-i4bv87-MuiSvgIcon-root"
                  data-testid="ExpandMoreIcon"
                  focusable="false"
                  viewBox="0 0 24 24"
                >
                  <path
                    d="M16.59 8.59 12 13.17 7.41 8.59 6 10l6 6 6-6z"
                  />
                </svg>
              </button>
            </div>
          </div>
        </li>
        <li
          class="task-li"
          data-testid="task-li"
        >
          <div
            class="task-wrapper flex"
          >
            <button
              aria-label="Mark as Incomplete"
              class="center color green checkbox-initial"
              title="Mark as Incomplete"
            >
              <span
                class="center"
              >
                <svg
                  aria-hidden="true"
                  class="MuiSvgIcon-root MuiSvgIcon-fontSizeMedium checkbox-icon checked css-15yr02a-MuiSvgIcon-root"
                  data-testid="CheckCircleIcon"
                  focusable="false"
                  viewBox="0 0 24 24"
                >
                  <path
                    d="M12 2C6.48 2 2 6.48 2 12s4.48 10 10 10 10-4.48 10-10S17.52 2 12 2zm-2 15-5-5 1.41-1.41L10 14.17l7.59-7.59L19 8l-9 9z"
                  />
                </svg>
              </span>
            </button>
            <div
              class="column task-middle"
              data-testid="task-clickable"
            >
              <h3
                class="flex"
                title="Task 4"
              >
                Task 4
              </h3>
              <div
                class="details-container column"
              >
                <span
                  class="flex detail"
                  title="Category: Tasks"
                >
                  <span
                    class="flex"
                  >
                    Category:
                  </span>
                  <span
                    class="flex"
                  >
                    Tasks
                  </span>
                </span>
                <span
                  class="flex detail"
                  title="Start: Mar 25, 2024, 12:00 AM"
                >
                  <span
                    class="flex"
                  >
                    Start:
                  </span>
                  <span
                    class="flex"
                  >
                    Mar 25, 2024, 12:00 AM
                  </span>
                </span>
                <span
                  class="flex detail"
                  title="Finish: Mar 27, 2024, 12:00 AM"
                >
                  <span
                    class="flex"
                  >
                    Finish:
                  </span>
                  <span
                    class="flex"
                  >
                    Mar 27, 2024, 12:00 AM
                  </span>
                </span>
                <span
                  class="flex detail"
                  title="Completion: Mar 26, 2024, 12:00 AM"
                >
                  <span
                    class="flex"
                  >
                    Completion:
                  </span>
                  <span
                    class="flex"
                  >
                    Mar 26, 2024, 12:00 AM
                  </span>
                </span>
              </div>
            </div>
            <div
              class="column task-controls"
            >
              <button
                aria-label="Show Options"
                class="icon expand "
                title="Show Options"
              >
                <svg
                  aria-hidden="true"
                  class="MuiSvgIcon-root MuiSvgIcon-fontSizeMedium css-i4bv87-MuiSvgIcon-root"
                  data-testid="ExpandMoreIcon"
                  focusable="false"
                  viewBox="0 0 24 24"
                >
                  <path
                    d="M16.59 8.59 12 13.17 7.41 8.59 6 10l6 6 6-6z"
                  />
                </svg>
              </button>
            </div>
          </div>
        </li>
        <li
          class="task-li"
          data-testid="task-li"
        >
          <div
            class="task-wrapper flex"
          >
            <button
              aria-label="Mark as Completed"
              class="center color blue checkbox-initial"
              title="Mark as Completed"
            >
              <span
                class="center"
              >
                <svg
                  aria-hidden="true"
                  class="MuiSvgIcon-root MuiSvgIcon-fontSizeSmall unfilled css-ptiqhd-MuiSvgIcon-root"
                  data-testid="RadioButtonUncheckedIcon"
                  focusable="false"
                  viewBox="0 0 24 24"
                >
                  <path
                    d="M12 2C6.48 2 2 6.48 2 12s4.48 10 10 10 10-4.48 10-10S17.52 2 12 2zm0 18c-4.42 0-8-3.58-8-8s3.58-8 8-8 8 3.58 8 8-3.58 8-8 8z"
                  />
                </svg>
                <svg
                  aria-hidden="true"
                  class="MuiSvgIcon-root MuiSvgIcon-fontSizeMedium checkbox-icon unchecked css-15yr02a-MuiSvgIcon-root"
                  data-testid="CheckCircleIcon"
                  focusable="false"
                  viewBox="0 0 24 24"
                >
                  <path
                    d="M12 2C6.48 2 2 6.48 2 12s4.48 10 10 10 10-4.48 10-10S17.52 2 12 2zm-2 15-5-5 1.41-1.41L10 14.17l7.59-7.59L19 8l-9 9z"
                  />
                </svg>
              </span>
            </button>
            <div
              class="column task-middle"
              data-testid="task-clickable"
            >
              <h3
                class="flex"
                title="Task 5"
              >
                Task 5
              </h3>
              <div
                class="details-container column"
              >
                <span
                  class="flex detail"
                  title="Category: Tasks"
                >
                  <span
                    class="flex"
                  >
                    Category:
                  </span>
                  <span
                    class="flex"
                  >
                    Tasks
                  </span>
                </span>
                <span
                  class="flex detail"
                  title="Start: Mar 22, 2024, 12:00 AM"
                >
                  <span
                    class="flex"
                  >
                    Start:
                  </span>
                  <span
                    class="flex"
                  >
                    Mar 22, 2024, 12:00 AM
                  </span>
                </span>
                <span
                  class="flex detail"
                  title="Finish: Mar 24, 2024, 12:00 AM"
                >
                  <span
                    class="flex"
                  >
                    Finish:
                  </span>
                  <span
                    class="flex"
                  >
                    Mar 24, 2024, 12:00 AM
                  </span>
                </span>
              </div>
            </div>
            <div
              class="column task-controls"
            >
              <button
                aria-label="Show Options"
                class="icon expand "
                title="Show Options"
              >
                <svg
                  aria-hidden="true"
                  class="MuiSvgIcon-root MuiSvgIcon-fontSizeMedium css-i4bv87-MuiSvgIcon-root"
                  data-testid="ExpandMoreIcon"
                  focusable="false"
                  viewBox="0 0 24 24"
                >
                  <path
                    d="M16.59 8.59 12 13.17 7.41 8.59 6 10l6 6 6-6z"
                  />
                </svg>
              </button>
            </div>
          </div>
        </li>
        <li
          class="task-li"
          data-testid="task-li"
        >
          <div
            class="task-wrapper flex"
          >
            <button
              aria-label="Mark as Completed"
              class="center color blue checkbox-initial"
              title="Mark as Completed"
            >
              <span
                class="center"
              >
                <svg
                  aria-hidden="true"
                  class="MuiSvgIcon-root MuiSvgIcon-fontSizeSmall unfilled css-ptiqhd-MuiSvgIcon-root"
                  data-testid="RadioButtonUncheckedIcon"
                  focusable="false"
                  viewBox="0 0 24 24"
                >
                  <path
                    d="M12 2C6.48 2 2 6.48 2 12s4.48 10 10 10 10-4.48 10-10S17.52 2 12 2zm0 18c-4.42 0-8-3.58-8-8s3.58-8 8-8 8 3.58 8 8-3.58 8-8 8z"
                  />
                </svg>
                <svg
                  aria-hidden="true"
                  class="MuiSvgIcon-root MuiSvgIcon-fontSizeMedium checkbox-icon unchecked css-15yr02a-MuiSvgIcon-root"
                  data-testid="CheckCircleIcon"
                  focusable="false"
                  viewBox="0 0 24 24"
                >
                  <path
                    d="M12 2C6.48 2 2 6.48 2 12s4.48 10 10 10 10-4.48 10-10S17.52 2 12 2zm-2 15-5-5 1.41-1.41L10 14.17l7.59-7.59L19 8l-9 9z"
                  />
                </svg>
              </span>
            </button>
            <div
              class="column task-middle"
              data-testid="task-clickable"
            >
              <h3
                class="flex"
                title="Task 6"
              >
                Task 6
              </h3>
              <div
                class="details-container column"
              >
                <span
                  class="flex detail"
                  title="Category: Tasks"
                >
                  <span
                    class="flex"
                  >
                    Category:
                  </span>
                  <span
                    class="flex"
                  >
                    Tasks
                  </span>
                </span>
                <span
                  class="flex detail"
                  title="Start: Mar 22, 2024, 12:00 AM"
                >
                  <span
                    class="flex"
                  >
                    Start:
                  </span>
                  <span
                    class="flex"
                  >
                    Mar 22, 2024, 12:00 AM
                  </span>
                </span>
                <span
                  class="flex detail"
                  title="Finish: Mar 24, 2024, 12:00 AM"
                >
                  <span
                    class="flex"
                  >
                    Finish:
                  </span>
                  <span
                    class="flex"
                  >
                    Mar 24, 2024, 12:00 AM
                  </span>
                </span>
              </div>
            </div>
            <div
              class="column task-controls"
            >
              <button
                aria-label="Show Options"
                class="icon expand "
                title="Show Options"
              >
                <svg
                  aria-hidden="true"
                  class="MuiSvgIcon-root MuiSvgIcon-fontSizeMedium css-i4bv87-MuiSvgIcon-root"
                  data-testid="ExpandMoreIcon"
                  focusable="false"
                  viewBox="0 0 24 24"
                >
                  <path
                    d="M16.59 8.59 12 13.17 7.41 8.59 6 10l6 6 6-6z"
                  />
                </svg>
              </button>
            </div>
          </div>
        </li>
        <li
          class="task-li"
          data-testid="task-li"
        >
          <div
            class="task-wrapper flex"
          >
            <button
              aria-label="Mark as Completed"
              class="center color blue checkbox-initial"
              title="Mark as Completed"
            >
              <span
                class="center"
              >
                <svg
                  aria-hidden="true"
                  class="MuiSvgIcon-root MuiSvgIcon-fontSizeSmall unfilled css-ptiqhd-MuiSvgIcon-root"
                  data-testid="RadioButtonUncheckedIcon"
                  focusable="false"
                  viewBox="0 0 24 24"
                >
                  <path
                    d="M12 2C6.48 2 2 6.48 2 12s4.48 10 10 10 10-4.48 10-10S17.52 2 12 2zm0 18c-4.42 0-8-3.58-8-8s3.58-8 8-8 8 3.58 8 8-3.58 8-8 8z"
                  />
                </svg>
                <svg
                  aria-hidden="true"
                  class="MuiSvgIcon-root MuiSvgIcon-fontSizeMedium checkbox-icon unchecked css-15yr02a-MuiSvgIcon-root"
                  data-testid="CheckCircleIcon"
                  focusable="false"
                  viewBox="0 0 24 24"
                >
                  <path
                    d="M12 2C6.48 2 2 6.48 2 12s4.48 10 10 10 10-4.48 10-10S17.52 2 12 2zm-2 15-5-5 1.41-1.41L10 14.17l7.59-7.59L19 8l-9 9z"
                  />
                </svg>
              </span>
            </button>
            <div
              class="column task-middle"
              data-testid="task-clickable"
            >
              <h3
                class="flex"
                title="Task 7"
              >
                Task 7
              </h3>
              <div
                class="details-container column"
              >
                <span
                  class="flex detail"
                  title="Category: Tasks"
                >
                  <span
                    class="flex"
                  >
                    Category:
                  </span>
                  <span
                    class="flex"
                  >
                    Tasks
                  </span>
                </span>
                <span
                  class="flex detail"
                  title="Start: Mar 22, 2024, 12:00 AM"
                >
                  <span
                    class="flex"
                  >
                    Start:
                  </span>
                  <span
                    class="flex"
                  >
                    Mar 22, 2024, 12:00 AM
                  </span>
                </span>
                <span
                  class="flex detail"
                  title="Finish: Mar 24, 2024, 12:00 AM"
                >
                  <span
                    class="flex"
                  >
                    Finish:
                  </span>
                  <span
                    class="flex"
                  >
                    Mar 24, 2024, 12:00 AM
                  </span>
                </span>
              </div>
            </div>
            <div
              class="column task-controls"
            >
              <button
                aria-label="Show Options"
                class="icon expand "
                title="Show Options"
              >
                <svg
                  aria-hidden="true"
                  class="MuiSvgIcon-root MuiSvgIcon-fontSizeMedium css-i4bv87-MuiSvgIcon-root"
                  data-testid="ExpandMoreIcon"
                  focusable="false"
                  viewBox="0 0 24 24"
                >
                  <path
                    d="M16.59 8.59 12 13.17 7.41 8.59 6 10l6 6 6-6z"
                  />
                </svg>
              </button>
            </div>
          </div>
        </li>
        <li
          class="task-li"
          data-testid="task-li"
        >
          <div
            class="task-wrapper flex"
          >
            <button
              aria-label="Mark as Completed"
              class="center color blue checkbox-initial"
              title="Mark as Completed"
            >
              <span
                class="center"
              >
                <svg
                  aria-hidden="true"
                  class="MuiSvgIcon-root MuiSvgIcon-fontSizeSmall unfilled css-ptiqhd-MuiSvgIcon-root"
                  data-testid="RadioButtonUncheckedIcon"
                  focusable="false"
                  viewBox="0 0 24 24"
                >
                  <path
                    d="M12 2C6.48 2 2 6.48 2 12s4.48 10 10 10 10-4.48 10-10S17.52 2 12 2zm0 18c-4.42 0-8-3.58-8-8s3.58-8 8-8 8 3.58 8 8-3.58 8-8 8z"
                  />
                </svg>
                <svg
                  aria-hidden="true"
                  class="MuiSvgIcon-root MuiSvgIcon-fontSizeMedium checkbox-icon unchecked css-15yr02a-MuiSvgIcon-root"
                  data-testid="CheckCircleIcon"
                  focusable="false"
                  viewBox="0 0 24 24"
                >
                  <path
                    d="M12 2C6.48 2 2 6.48 2 12s4.48 10 10 10 10-4.48 10-10S17.52 2 12 2zm-2 15-5-5 1.41-1.41L10 14.17l7.59-7.59L19 8l-9 9z"
                  />
                </svg>
              </span>
            </button>
            <div
              class="column task-middle"
              data-testid="task-clickable"
            >
              <h3
                class="flex"
                title="Task 8"
              >
                Task 8
              </h3>
              <div
                class="details-container column"
              >
                <span
                  class="flex detail"
                  title="Category: Tasks"
                >
                  <span
                    class="flex"
                  >
                    Category:
                  </span>
                  <span
                    class="flex"
                  >
                    Tasks
                  </span>
                </span>
                <span
                  class="flex detail"
                  title="Start: Mar 22, 2024, 12:00 AM"
                >
                  <span
                    class="flex"
                  >
                    Start:
                  </span>
                  <span
                    class="flex"
                  >
                    Mar 22, 2024, 12:00 AM
                  </span>
                </span>
                <span
                  class="flex detail"
                  title="Finish: Mar 24, 2024, 12:00 AM"
                >
                  <span
                    class="flex"
                  >
                    Finish:
                  </span>
                  <span
                    class="flex"
                  >
                    Mar 24, 2024, 12:00 AM
                  </span>
                </span>
              </div>
            </div>
            <div
              class="column task-controls"
            >
              <button
                aria-label="Show Options"
                class="icon expand "
                title="Show Options"
              >
                <svg
                  aria-hidden="true"
                  class="MuiSvgIcon-root MuiSvgIcon-fontSizeMedium css-i4bv87-MuiSvgIcon-root"
                  data-testid="ExpandMoreIcon"
                  focusable="false"
                  viewBox="0 0 24 24"
                >
                  <path
                    d="M16.59 8.59 12 13.17 7.41 8.59 6 10l6 6 6-6z"
                  />
                </svg>
              </button>
            </div>
          </div>
        </li>
        <li
          class="task-li"
          data-testid="task-li"
        >
          <div
            class="task-wrapper flex"
          >
            <button
              aria-label="Mark as Completed"
              class="center color blue checkbox-initial"
              title="Mark as Completed"
            >
              <span
                class="center"
              >
                <svg
                  aria-hidden="true"
                  class="MuiSvgIcon-root MuiSvgIcon-fontSizeSmall unfilled css-ptiqhd-MuiSvgIcon-root"
                  data-testid="RadioButtonUncheckedIcon"
                  focusable="false"
                  viewBox="0 0 24 24"
                >
                  <path
                    d="M12 2C6.48 2 2 6.48 2 12s4.48 10 10 10 10-4.48 10-10S17.52 2 12 2zm0 18c-4.42 0-8-3.58-8-8s3.58-8 8-8 8 3.58 8 8-3.58 8-8 8z"
                  />
                </svg>
                <svg
                  aria-hidden="true"
                  class="MuiSvgIcon-root MuiSvgIcon-fontSizeMedium checkbox-icon unchecked css-15yr02a-MuiSvgIcon-root"
                  data-testid="CheckCircleIcon"
                  focusable="false"
                  viewBox="0 0 24 24"
                >
                  <path
                    d="M12 2C6.48 2 2 6.48 2 12s4.48 10 10 10 10-4.48 10-10S17.52 2 12 2zm-2 15-5-5 1.41-1.41L10 14.17l7.59-7.59L19 8l-9 9z"
                  />
                </svg>
              </span>
            </button>
            <div
              class="column task-middle"
              data-testid="task-clickable"
            >
              <h3
                class="flex"
                title="Task 9"
              >
                Task 9
              </h3>
              <div
                class="details-container column"
              >
                <span
                  class="flex detail"
                  title="Category: Tasks"
                >
                  <span
                    class="flex"
                  >
                    Category:
                  </span>
                  <span
                    class="flex"
                  >
                    Tasks
                  </span>
                </span>
                <span
                  class="flex detail"
                  title="Start: Mar 22, 2024, 12:00 AM"
                >
                  <span
                    class="flex"
                  >
                    Start:
                  </span>
                  <span
                    class="flex"
                  >
                    Mar 22, 2024, 12:00 AM
                  </span>
                </span>
                <span
                  class="flex detail"
                  title="Finish: Mar 24, 2024, 12:00 AM"
                >
                  <span
                    class="flex"
                  >
                    Finish:
                  </span>
                  <span
                    class="flex"
                  >
                    Mar 24, 2024, 12:00 AM
                  </span>
                </span>
              </div>
            </div>
            <div
              class="column task-controls"
            >
              <button
                aria-label="Show Options"
                class="icon expand "
                title="Show Options"
              >
                <svg
                  aria-hidden="true"
                  class="MuiSvgIcon-root MuiSvgIcon-fontSizeMedium css-i4bv87-MuiSvgIcon-root"
                  data-testid="ExpandMoreIcon"
                  focusable="false"
                  viewBox="0 0 24 24"
                >
                  <path
                    d="M16.59 8.59 12 13.17 7.41 8.59 6 10l6 6 6-6z"
                  />
                </svg>
              </button>
            </div>
          </div>
        </li>
      </ol>
    </div>
  </section>
</DocumentFragment>
`;
