// Jest Snapshot v1, https://goo.gl/fbAQLP

exports[`TaskAnalytics snapshot: TaskAnalytics 1`] = `
<DocumentFragment>
  <header
    class="flex"
    id="header"
  >
    <span
      class="flex"
      id="header-first"
    >
      <button
        aria-label="Open Categories"
        class="icon "
        title="Open Categories"
      >
        <svg
          aria-hidden="true"
          class="MuiSvgIcon-root MuiSvgIcon-fontSizeMedium css-i4bv87-MuiSvgIcon-root"
          data-testid="MenuIcon"
          focusable="false"
          viewBox="0 0 24 24"
        >
          <path
            d="M3 18h18v-2H3v2zm0-5h18v-2H3v2zm0-7v2h18V6H3z"
          />
        </svg>
      </button>
      <a
        class="center"
        data-testid="header-home-link"
        href="/"
      >
        <div
          aria-label="TaskFlow Logo"
          class="logo center"
          role="img"
          title="TaskFlow"
        >
          <span
            class="logo-task"
          >
            Task
          </span>
          <span
            class="logo-flow"
          >
            Flow
          </span>
          <svg
            aria-hidden="true"
            class="MuiSvgIcon-root MuiSvgIcon-fontSizeMedium css-i4bv87-MuiSvgIcon-root"
            data-testid="MovingIcon"
            focusable="false"
            id="logo-icon"
            viewBox="0 0 24 24"
          >
            <path
              d="M19.71 9.71 22 12V6h-6l2.29 2.29-4.17 4.17c-.39.39-1.02.39-1.41 0l-1.17-1.17c-1.17-1.17-3.07-1.17-4.24 0L2 16.59 3.41 18l5.29-5.29c.39-.39 1.02-.39 1.41 0l1.17 1.17c1.17 1.17 3.07 1.17 4.24 0l4.19-4.17z"
            />
          </svg>
        </div>
      </a>
    </span>
    <span
      class="flex"
      id="header-second"
    >
      <a
        class="icon"
        data-testid="header-analytics-link"
        href="/analytics"
        title="Task Analytics"
      >
        <svg
          aria-hidden="true"
          class="MuiSvgIcon-root MuiSvgIcon-fontSizeMedium css-i4bv87-MuiSvgIcon-root"
          data-testid="BarChartIcon"
          focusable="false"
          viewBox="0 0 24 24"
        >
          <path
            d="M4 9h4v11H4zm12 4h4v7h-4zm-6-9h4v16h-4z"
          />
        </svg>
      </a>
      <button
        class="icon "
        title="Sign Out"
      >
        <svg
          aria-hidden="true"
          class="MuiSvgIcon-root MuiSvgIcon-fontSizeMedium css-i4bv87-MuiSvgIcon-root"
          data-testid="LogoutTwoToneIcon"
          focusable="false"
          viewBox="0 0 24 24"
        >
          <path
            d="M5 5h7V3H5c-1.1 0-2 .9-2 2v14c0 1.1.9 2 2 2h7v-2H5V5zm16 7-4-4v3H9v2h8v3l4-4z"
          />
        </svg>
      </button>
    </span>
  </header>
  <main>
    <div
      class="categories-slider "
      data-testid="categories"
      id="categories-dropdown"
    >
      <div
        class="categories "
      >
        <div
          class="center"
          id="categories-list-container"
        >
          <span
            class="MuiCircularProgress-root MuiCircularProgress-indeterminate MuiCircularProgress-colorPrimary css-18lrjg1-MuiCircularProgress-root"
            data-testid="loading"
            role="progressbar"
            style="width: 40px; height: 40px;"
          >
            <svg
              class="MuiCircularProgress-svg css-1idz92c-MuiCircularProgress-svg"
              viewBox="22 22 44 44"
            >
              <circle
                class="MuiCircularProgress-circle MuiCircularProgress-circleIndeterminate css-176wh8e-MuiCircularProgress-circle"
                cx="44"
                cy="44"
                fill="none"
                r="20.2"
                stroke-width="3.6"
              />
            </svg>
          </span>
        </div>
        <button
          aria-label="Add new category"
          class="center"
          id="add-category"
          title="Add new category"
        >
          <span
            class="center"
          >
            <svg
              aria-hidden="true"
              class="MuiSvgIcon-root MuiSvgIcon-fontSizeMedium css-i4bv87-MuiSvgIcon-root"
              data-testid="AddIcon"
              focusable="false"
              viewBox="0 0 24 24"
            >
              <path
                d="M19 13h-6v6h-2v-6H5v-2h6V5h2v6h6v2z"
              />
            </svg>
          </span>
          New Category
        </button>
      </div>
    </div>
    <div
      aria-labelledby="analytics-heading"
      class="column"
      id="analytics"
      role="region"
    >
      <div
        class="column"
        id="analytics-wrapper"
      >
        <div
          class="flex"
          id="analytics-top"
        >
          <span
            class="nav-item center"
          >
            <button
              class="icon "
              title="Filters"
            >
              <svg
                aria-hidden="true"
                class="MuiSvgIcon-root MuiSvgIcon-fontSizeMedium css-i4bv87-MuiSvgIcon-root"
                data-testid="FilterListIcon"
                focusable="false"
                viewBox="0 0 24 24"
              >
                <path
                  d="M10 18h4v-2h-4v2zM3 6v2h18V6H3zm3 7h12v-2H6v2z"
                />
              </svg>
            </button>
          </span>
          <h1
            class="flex"
            id="analytics-heading"
          >
            Task Analytics:
          </h1>
        </div>
        <span
          class="center analytics-empty"
        >
          <span
            class="MuiCircularProgress-root MuiCircularProgress-indeterminate MuiCircularProgress-colorPrimary css-18lrjg1-MuiCircularProgress-root"
            data-testid="loading"
            role="progressbar"
            style="width: 40px; height: 40px;"
          >
            <svg
              class="MuiCircularProgress-svg css-1idz92c-MuiCircularProgress-svg"
              viewBox="22 22 44 44"
            >
              <circle
                class="MuiCircularProgress-circle MuiCircularProgress-circleIndeterminate css-176wh8e-MuiCircularProgress-circle"
                cx="44"
                cy="44"
                fill="none"
                r="20.2"
                stroke-width="3.6"
              />
            </svg>
          </span>
        </span>
      </div>
    </div>
  </main>
  <footer
    class="center"
  >
    <div
      class="center"
      id="footer-div"
    >
      <a
        aria-label="Go to home page"
        href="/"
        id="footer-logo-link"
        title="Home"
      >
        <div
          aria-label="TaskFlow Logo"
          class="logo center"
          role="img"
          title="TaskFlow"
        >
          <span
            class="logo-task"
          >
            Task
          </span>
          <span
            class="logo-flow"
          >
            Flow
          </span>
          <svg
            aria-hidden="true"
            class="MuiSvgIcon-root MuiSvgIcon-fontSizeMedium css-i4bv87-MuiSvgIcon-root"
            data-testid="MovingIcon"
            focusable="false"
            id="logo-icon"
            viewBox="0 0 24 24"
          >
            <path
              d="M19.71 9.71 22 12V6h-6l2.29 2.29-4.17 4.17c-.39.39-1.02.39-1.41 0l-1.17-1.17c-1.17-1.17-3.07-1.17-4.24 0L2 16.59 3.41 18l5.29-5.29c.39-.39 1.02-.39 1.41 0l1.17 1.17c1.17 1.17 3.07 1.17 4.24 0l4.19-4.17z"
            />
          </svg>
        </div>
      </a>
      <a
        href="https://farida-mu.vercel.app/#contact"
        id="dev-link"
        target="_blank"
        title="Contact the developer"
      >
        Contact the developer
      </a>
    </div>
  </footer>
</DocumentFragment>
`;
